DELETE /api/automations/{automationID}/webhook-token
DELETE /api/cloud-identity-bindings/{bindingID}
DELETE /api/environments/{environmentID}/cloud-identity-bindings/{bindingID}
DELETE /api/environments/{environmentID}/cluster-binding
DELETE /api/environments/{environmentID}/opencode-config
DELETE /api/environments/{environmentID}/provider-credentials/{credentialID}
DELETE /api/environments/{environmentID}/sandbox-secrets/{secretID}
DELETE /api/me/chatgpt-link
DELETE /api/members/{userID}/identities/{identityID}
DELETE /api/opencode-config
DELETE /api/provider-credentials/{credentialID}
DELETE /api/repos/{owner}/{repo}/provider-credentials/{credentialID}
DELETE /api/repos/{owner}/{repo}/sandbox-secrets/{secretID}
DELETE /api/sandbox-secrets/{secretID}
DELETE /api/workflow-definitions/{id}
GET /.well-known/jwks.json
GET /.well-known/openid-configuration
GET /api/admin/shadow-compare
GET /api/audit-log
GET /api/automations
GET /api/automations/{automationID}
GET /api/automations/{automationID}/invocations
GET /api/capabilities
GET /api/cloud-identity-bindings
GET /api/decision-inbox
GET /api/environments
GET /api/environments/{environmentID}/cloud-identity-bindings
GET /api/environments/{environmentID}/cluster-binding
GET /api/environments/{environmentID}/opencode-config
GET /api/environments/{environmentID}/provider-credentials
GET /api/environments/{environmentID}/sandbox-secrets
GET /api/integrations
GET /api/intent-templates
GET /api/me
GET /api/me/chatgpt-link
GET /api/members
GET /api/models
GET /api/opencode-config
GET /api/provider-credentials
GET /api/repos/{owner}/{repo}/digest-scope
GET /api/repos/{owner}/{repo}/false-positive-patterns
GET /api/repos/{owner}/{repo}/preview-config
GET /api/repos/{owner}/{repo}/provider-credentials
GET /api/repos/{owner}/{repo}/review-analytics
GET /api/repos/{owner}/{repo}/sandbox-secrets
GET /api/repos/{owner}/{repo}/settings
GET /api/repos/{owner}/{repo}/shadow-ledger
GET /api/sandbox-secrets
GET /api/sessions
GET /api/sessions/{sessionID}
GET /api/sessions/{sessionID}/artifacts
GET /api/sessions/{sessionID}/events
GET /api/sessions/{sessionID}/plans
GET /api/sessions/{sessionID}/release-manifest
GET /api/sessions/{sessionID}/review
GET /api/sessions/{sessionID}/uploads/{uploadID}/content
GET /api/sessions/{sessionID}/workflow-runs
GET /api/workflow-bindings
GET /api/workflow-definitions
GET /api/workflow-definitions/{id}
GET /api/workflow-runs/{runId}
GET /auth/github/callback
GET /auth/github/login
GET /auth/identity-link/{nonce}
GET /auth/linear/callback
GET /auth/linear/install
GET /health
GET /sessions/{sessionID}/uploads/{uploadID}/content
GET /sessions/{sessionID}/ws
PATCH /api/members/{userID}/role
POST /api/automations
POST /api/automations/{automationID}/pause
POST /api/automations/{automationID}/resume
POST /api/automations/{automationID}/webhook-token
POST /api/cloud-identity-bindings
POST /api/cloud-identity/signing-keys/rotate
POST /api/decision-inbox/merge
POST /api/environments/{environmentID}/cloud-identity-bindings
POST /api/environments/{environmentID}/provider-credentials
POST /api/environments/{environmentID}/sandbox-secrets
POST /api/intent-templates
POST /api/intent-templates/preview
POST /api/me/chatgpt-link
POST /api/members/{userID}/identities
POST /api/provider-credentials
POST /api/repos/{owner}/{repo}/false-positive-patterns/{patternID}/retire
POST /api/repos/{owner}/{repo}/provider-credentials
POST /api/repos/{owner}/{repo}/sandbox-secrets
POST /api/repos/{owner}/{repo}/shadow-ledger/activate
POST /api/sandbox-secrets
POST /api/sessions
POST /api/sessions/{sessionID}/plans/{planId}/approve
POST /api/sessions/{sessionID}/plans/{planId}/reject
POST /api/sessions/{sessionID}/review/findings/{identityHash}/apply-suggestion
POST /api/sessions/{sessionID}/review/findings/{identityHash}/rebut
POST /api/sessions/{sessionID}/review/retrigger
POST /api/sessions/{sessionID}/turns
POST /api/sessions/{sessionID}/uploads
POST /api/sessions/{sessionID}/uploads/{uploadID}/complete
POST /api/sessions/{sessionID}/ws-token
POST /api/workflow-definitions
POST /api/workflow-runs/{runId}/steps/{stepRunId}/decide
POST /auth/logout
POST /sessions/{sessionID}/cloud-identity-config
POST /sessions/{sessionID}/cloud-identity-token
POST /sessions/{sessionID}/opencode-config
POST /sessions/{sessionID}/provider-credentials
POST /sessions/{sessionID}/review/verdict
POST /sessions/{sessionID}/sandbox-secrets
POST /sessions/{sessionID}/scm-credentials
POST /sessions/{sessionID}/snapshot
POST /sessions/{sessionID}/turn/epistemic-outcome
POST /sessions/{sessionID}/uploads
POST /sessions/{sessionID}/uploads/{uploadID}/complete
POST /sessions/{sessionID}/workflow/step-outcome
POST /webhooks/automations/{automationID}
POST /webhooks/github
POST /webhooks/linear
POST /webhooks/slack
POST /webhooks/slack/interactive
PUT /api/cloud-identity-bindings/{bindingID}
PUT /api/environments/{environmentID}/cloud-identity-bindings/{bindingID}
PUT /api/environments/{environmentID}/cluster-binding
PUT /api/environments/{environmentID}/opencode-config
PUT /api/environments/{environmentID}/provider-credentials/{credentialID}
PUT /api/environments/{environmentID}/sandbox-secrets/{secretID}
PUT /api/opencode-config
PUT /api/provider-credentials/{credentialID}
PUT /api/repos/{owner}/{repo}/auto-approval-settings
PUT /api/repos/{owner}/{repo}/auto-merge
PUT /api/repos/{owner}/{repo}/auto-retrigger-review
PUT /api/repos/{owner}/{repo}/description-autofix
PUT /api/repos/{owner}/{repo}/preview-config
PUT /api/repos/{owner}/{repo}/provider-credentials/{credentialID}
PUT /api/repos/{owner}/{repo}/review-cost-budget
PUT /api/repos/{owner}/{repo}/review-depth
PUT /api/repos/{owner}/{repo}/sandbox-secrets/{secretID}
PUT /api/repos/{owner}/{repo}/settings
PUT /api/sandbox-secrets/{secretID}
PUT /api/workflow-bindings
PUT /api/workflow-definitions/{id}
